DM compiler version 516.1673
loading Pondera.dme
loading Interfacemini.dmf
loading sleep.dmm
loading test.dmm
saving Pondera.dmb (DEBUG mode)
Pondera.dmb - 0 errors, 0 warnings (12/8/25 12:30 pm)
Total time: 0:01
