DM compiler version 516.1673
loading Pondera.dme
loading Pondera-Recoded/Interface.dmf
dm\InitializationManager.dm:185:error: InitLightingIntegration: undefined proc
dm\InitializationManager.dm:186:error: start_day_night_cycle: undefined proc
dm\InitializationManager.dm:259:error: InitializeWorldEventsSystem: undefined proc
dm\InitializationManager.dm:260:error: InitializeSupplyChainSystem: undefined proc
dm\InitializationManager.dm:261:error: InitializeEconomicCycles: undefined proc
dm\InitializationManager.dm:635:warning (set_at_top): =: assignment of procedural properties takes place at compile-time; move this to the top of the procedure to avoid this warning
dm\InitializationManager.dm:636:warning (set_at_top): =: assignment of procedural properties takes place at compile-time; move this to the top of the procedure to avoid this warning
dm\InitializationManager.dm:670:warning (set_at_top): =: assignment of procedural properties takes place at compile-time; move this to the top of the procedure to avoid this warning
dm\InitializationManager.dm:671:warning (set_at_top): =: assignment of procedural properties takes place at compile-time; move this to the top of the procedure to avoid this warning
dm\InitializationManager.dm:753:warning (unused_var): cols: variable defined but not used
dm\BuildingMenuSystem.dm:170:warning (unused_var): amount_needed: variable defined but not used
dm\ContinentLobbyHub.dm:36:warning (unused_var): p1: variable defined but not used
dm\ContinentLobbyHub.dm:43:warning (unused_var): p2: variable defined but not used
dm\ContinentLobbyHub.dm:50:warning (unused_var): p3: variable defined but not used
dm\ContinentTeleportationSystem.dm:42:warning (no_effect): if: if statement has no effect
dm\ContinentTeleportationSystem.dm:86:warning (no_effect): if: if statement has no effect
dm\GameHUDSystem.dm:310:warning (unused_var): toolbelt_layout: variable defined but not used
dm\GameHUDSystem.dm:312:warning (unused_var): inventory_visible: variable defined but not used
dm\GameHUDSystem.dm:313:warning (unused_var): stats_visible: variable defined but not used
dm\GameHUDSystem.dm:314:warning (unused_var): currency_visible: variable defined but not used
dm\GatheringToolActivation.dm:253:warning (unused_var): secondary_type: variable defined but not used
dm\movement.dm:153:warning (unused_var): equipped_weight: variable defined but not used
dm\movement.dm:154:warning (unused_var): durability_penalty: variable defined but not used
dm\SQLitePersistenceLayer.dm:1377:warning (unused_var): days_in_seconds: variable defined but not used
dm\SQLitePersistenceLayer.dm:1442:warning (unused_var): days_seconds: variable defined but not used
dm\SQLitePersistenceLayer.dm:2163:warning (unused_var): spec_result: variable defined but not used
dm\SQLitePersistenceLayer.dm:2166:warning (unused_var): discovery_result: variable defined but not used
dm\SQLitePersistenceLayer.dm:2169:warning (unused_var): achievements_result: variable defined but not used
dm\SQLitePersistenceLayer.dm:2197:warning (unused_var): recipe_name: variable defined but not used
dm\SQLitePersistenceLayer.dm:2199:warning (unused_var): ingredients: variable defined but not used
dm\SQLitePersistenceLayer.dm:2229:warning (unused_var): base_price: variable defined but not used
dm\SQLitePersistenceLayer.dm:2425:warning (unused_var): stats: variable defined but not used
dm\ToolbeltHotbarSystem.dm:758:warning (unused_label): pass: unused label
dm\FootstepSoundSystem.dm:111:warning (unused_var): audio_range: variable defined but not used
dm\FootstepSoundSystem.dm:112:warning (unused_var): sound_desc: variable defined but not used
dm\movement.dm:188:warning (unused_var): chunk_x: variable defined but not used
dm\movement.dm:189:warning (unused_var): chunk_y: variable defined but not used
dm\ExtendedHUDSubsystems.dm:208:warning (unused_var): rank_var: variable defined but not used
dm\ToolbeltHotbarSystem.dm:903:warning (unused_var): empty: variable defined but not used
dm\BuildSystemEKeyIntegration.dm:50:warning (set_at_top): =: assignment of procedural properties takes place at compile-time; move this to the top of the procedure to avoid this warning
dm\BuildSystemEKeyIntegration.dm:62:warning (set_at_top): =: assignment of procedural properties takes place at compile-time; move this to the top of the procedure to avoid this warning
dm\BuildSystemEKeyIntegration.dm:73:warning (set_at_top): =: assignment of procedural properties takes place at compile-time; move this to the top of the procedure to avoid this warning
dm\BuildSystemEKeyIntegration.dm:90:warning (set_at_top): =: assignment of procedural properties takes place at compile-time; move this to the top of the procedure to avoid this warning
dm\BuildSystemEKeyIntegration.dm:141:warning (set_at_top): =: assignment of procedural properties takes place at compile-time; move this to the top of the procedure to avoid this warning
dm\ClimbingMacroIntegration.dm:130:warning (unused_var): rank: variable defined but not used
dm\ClimbingMacroIntegration.dm:132:warning (unused_var): color: variable defined but not used
dm\AdvancedTerrainFeatures.dm:58:warning (unused_var): difficulty_mod: variable defined but not used
Pondera.dmb - 5 errors, 42 warnings (12/18/25 7:34 pm)
Total time: 0:01
